com\jinxiu\account\mbg\model\DayTable.class
com\jinxiu\account\common\Common.class
com\jinxiu\account\mbg\model\ReminderExample$Criterion.class
com\jinxiu\account\mbg\model\Reminder.class
com\jinxiu\account\mbg\model\ReminderExample$Criteria.class
com\jinxiu\account\controller\MonthTableController.class
com\jinxiu\account\mbg\CommentGenerator.class
com\jinxiu\account\mbg\model\ReminderExample$GeneratedCriteria.class
com\jinxiu\account\mbg\model\MonthTableExample$GeneratedCriteria.class
com\jinxiu\account\service\impl\MonthTableServiceImpl.class
com\jinxiu\account\AccountApplication.class
com\jinxiu\account\common\MaxDailyRollingFileAppender.class
com\jinxiu\account\mbg\mapper\MonthTableMapper.class
com\jinxiu\account\mbg\model\ReminderExample.class
com\jinxiu\account\config\Swagger2Config.class
com\jinxiu\account\mbg\mapper\DayTableMapper.class
com\jinxiu\account\mbg\model\MonthTableExample$Criteria.class
com\jinxiu\account\mbg\model\MonthTableExample$Criterion.class
com\jinxiu\account\mbg\model\DayTableExample.class
com\jinxiu\account\task\SyncMonthTask.class
com\jinxiu\account\api\ResultCode.class
com\jinxiu\account\mbg\model\MonthTableExample.class
com\jinxiu\account\api\CommonPage.class
com\jinxiu\account\mbg\model\DayTableExample$Criterion.class
com\jinxiu\account\mbg\model\MonthTable.class
com\jinxiu\account\controller\PayGetController.class
com\jinxiu\account\controller\DayTableController.class
com\jinxiu\account\service\MonthTableService.class
com\jinxiu\account\service\DayTableService.class
com\jinxiu\account\util\Tools.class
com\jinxiu\account\config\MyBatisConfig.class
com\jinxiu\account\api\IErrorCode.class
com\jinxiu\account\mbg\Generator.class
com\jinxiu\account\common\ModifiedTimeSortableFile.class
com\jinxiu\account\api\CommonResult.class
com\jinxiu\account\mbg\model\DayTableExample$Criteria.class
com\jinxiu\account\service\impl\DayTableServiceImpl.class
com\jinxiu\account\common\MaxDailyRollingFileAppender$1.class
com\jinxiu\account\mbg\mapper\ReminderMapper.class
com\jinxiu\account\mbg\model\DayTableExample$GeneratedCriteria.class
