C:\Users\sx-9605\account-book\src\main\java\com\jinxiu\account\mbg\CommentGenerator.java
C:\Users\sx-9605\account-book\src\main\java\com\jinxiu\account\mbg\model\ReminderExample.java
C:\Users\sx-9605\account-book\src\main\java\com\jinxiu\account\common\MaxDailyRollingFileAppender.java
C:\Users\sx-9605\account-book\src\main\java\com\jinxiu\account\controller\MonthTableController.java
C:\Users\sx-9605\account-book\src\main\java\com\jinxiu\account\service\impl\MonthTableServiceImpl.java
C:\Users\sx-9605\account-book\src\main\java\com\jinxiu\account\controller\PayGetController.java
C:\Users\sx-9605\account-book\src\main\java\com\jinxiu\account\mbg\mapper\ReminderMapper.java
C:\Users\sx-9605\account-book\src\main\java\com\jinxiu\account\task\SyncMonthTask.java
C:\Users\sx-9605\account-book\src\main\java\com\jinxiu\account\mbg\model\DayTable.java
C:\Users\sx-9605\account-book\src\main\java\com\jinxiu\account\mbg\model\DayTableExample.java
C:\Users\sx-9605\account-book\src\main\java\com\jinxiu\account\service\MonthTableService.java
C:\Users\sx-9605\account-book\src\main\java\com\jinxiu\account\api\IErrorCode.java
C:\Users\sx-9605\account-book\src\main\java\com\jinxiu\account\AccountApplication.java
C:\Users\sx-9605\account-book\src\main\java\com\jinxiu\account\common\Common.java
C:\Users\sx-9605\account-book\src\main\java\com\jinxiu\account\mbg\model\Reminder.java
C:\Users\sx-9605\account-book\src\main\java\com\jinxiu\account\util\Tools.java
C:\Users\sx-9605\account-book\src\main\java\com\jinxiu\account\mbg\model\MonthTableExample.java
C:\Users\sx-9605\account-book\src\main\java\com\jinxiu\account\config\Swagger2Config.java
C:\Users\sx-9605\account-book\src\main\java\com\jinxiu\account\mbg\mapper\MonthTableMapper.java
C:\Users\sx-9605\account-book\src\main\java\com\jinxiu\account\api\CommonResult.java
C:\Users\sx-9605\account-book\src\main\java\com\jinxiu\account\api\CommonPage.java
C:\Users\sx-9605\account-book\src\main\java\com\jinxiu\account\service\impl\DayTableServiceImpl.java
C:\Users\sx-9605\account-book\src\main\java\com\jinxiu\account\controller\DayTableController.java
C:\Users\sx-9605\account-book\src\main\java\com\jinxiu\account\mbg\Generator.java
C:\Users\sx-9605\account-book\src\main\java\com\jinxiu\account\service\DayTableService.java
C:\Users\sx-9605\account-book\src\main\java\com\jinxiu\account\mbg\mapper\DayTableMapper.java
C:\Users\sx-9605\account-book\src\main\java\com\jinxiu\account\mbg\model\MonthTable.java
C:\Users\sx-9605\account-book\src\main\java\com\jinxiu\account\api\ResultCode.java
C:\Users\sx-9605\account-book\src\main\java\com\jinxiu\account\config\MyBatisConfig.java
